
> selfserve@1.0.0 test
> node scraper.js

[dotenv@17.2.3] injecting env (4) from .env -- tip: 🔑 add access controls to secrets: https://dotenvx.com/ops
[*] No saved cookies found, will need to login
[*] Navigating to BC Self-Serve portal...
[*] Current URL: https://myselfserve.gov.bc.ca/
[*] Verifying authentication...
[*] Login required...
[*] Attempting automated login...
[!] Automated login failed, waiting for manual login...
[*] Waiting for manual login (5 minutes timeout)...
[!] Error: Navigating frame was detached

[+] Done! Check the results JSON file for full output.
